#-----------------------------------------------------------
# Vivado v2022.2 (64-bit)
# SW Build 3671981 on Fri Oct 14 05:00:03 MDT 2022
# IP Build 3669848 on Fri Oct 14 08:30:02 MDT 2022
# Start of session at: Fri Oct 27 00:34:35 2023
# Process ID: 24192
# Current directory: C:/Users/alvar/OneDrive/Escritorio/Proyectos/Tercero/SistemasElectronicos/Practicas_FPGA_SE/ProyectoCoche/ProyectoCoche.runs/impl_1
# Command line: vivado.exe -log controladorVGA.vdi -applog -product Vivado -messageDb vivado.pb -mode batch -source controladorVGA.tcl -notrace
# Log file: C:/Users/alvar/OneDrive/Escritorio/Proyectos/Tercero/SistemasElectronicos/Practicas_FPGA_SE/ProyectoCoche/ProyectoCoche.runs/impl_1/controladorVGA.vdi
# Journal file: C:/Users/alvar/OneDrive/Escritorio/Proyectos/Tercero/SistemasElectronicos/Practicas_FPGA_SE/ProyectoCoche/ProyectoCoche.runs/impl_1\vivado.jou
# Running On: Shuff-Alv, OS: Windows, CPU Frequency: 1800 MHz, CPU Physical cores: 4, Host memory: 17015 MB
#-----------------------------------------------------------
source controladorVGA.tcl -notrace
